#
# There is insufficient memory for the Java Runtime Environment to continue.
# Native memory allocation (malloc) failed to allocate 946896 bytes for Chunk::new
# Possible reasons:
#   The system is out of physical RAM or swap space
#   In 32 bit mode, the process size limit was hit
# Possible solutions:
#   Reduce memory load on the system
#   Increase physical memory or swap space
#   Check if swap backing store is full
#   Use 64 bit Java on a 64 bit OS
#   Decrease Java heap size (-Xmx/-Xms)
#   Decrease number of Java threads
#   Decrease Java thread stack sizes (-Xss)
#   Set larger code cache with -XX:ReservedCodeCacheSize=
# This output file may be truncated or incomplete.
#
#  Out of Memory Error (allocation.cpp:390), pid=15560, tid=0x0000000000005d5c
#
# JRE version: Java(TM) SE Runtime Environment (8.0_131-b11) (build 1.8.0_131-b11)
# Java VM: Java HotSpot(TM) 64-Bit Server VM (25.131-b11 mixed mode windows-amd64 compressed oops)
# Failed to write core dump. Minidumps are not enabled by default on client versions of Windows
#

---------------  T H R E A D  ---------------

Current thread (0x0000000027948000):  JavaThread "C2 CompilerThread0" daemon [_thread_in_native, id=23900, stack(0x0000000028010000,0x0000000028110000)]

Stack: [0x0000000028010000,0x0000000028110000]
[error occurred during error reporting (printing stack bounds), id 0xc0000005]

Native frames: (J=compiled Java code, j=interpreted, Vv=VM code, C=native code)


Current CompileTask:
C2:   8294 3772       4       com.sun.tools.javac.parser.JavacParser::term3 (2502 bytes)


---------------  P R O C E S S  ---------------

Java Threads: ( => current thread )
  0x00000000279d3000 JavaThread "Service Thread" daemon [_thread_blocked, id=15912, stack(0x0000000028410000,0x0000000028510000)]
  0x0000000027953800 JavaThread "C1 CompilerThread3" daemon [_thread_blocked, id=26676, stack(0x0000000028310000,0x0000000028410000)]
  0x00000000259de800 JavaThread "C2 CompilerThread2" daemon [_thread_in_native, id=5000, stack(0x0000000028210000,0x0000000028310000)]
  0x00000000259da000 JavaThread "C2 CompilerThread1" daemon [_thread_in_native, id=26856, stack(0x0000000028110000,0x0000000028210000)]
=>0x0000000027948000 JavaThread "C2 CompilerThread0" daemon [_thread_in_native, id=23900, stack(0x0000000028010000,0x0000000028110000)]
  0x0000000027946000 JavaThread "Attach Listener" daemon [_thread_blocked, id=17492, stack(0x0000000027f10000,0x0000000028010000)]
  0x0000000027945000 JavaThread "Signal Dispatcher" daemon [_thread_blocked, id=14752, stack(0x0000000027e10000,0x0000000027f10000)]
  0x00000000278d0800 JavaThread "Finalizer" daemon [_thread_blocked, id=18764, stack(0x0000000027cb0000,0x0000000027db0000)]
  0x00000000259cc800 JavaThread "Reference Handler" daemon [_thread_blocked, id=17884, stack(0x00000000277b0000,0x00000000278b0000)]
  0x0000000002912800 JavaThread "main" [_thread_in_Java, id=25436, stack(0x0000000002810000,0x0000000002910000)]

Other Threads:
  0x00000000259c8000 VMThread [stack: 0x00000000276b0000,0x00000000277b0000] [id=20468]
  0x000000002799d800 WatcherThread [stack: 0x0000000028510000,0x0000000028610000] [id=26700]

VM state:not at safepoint (normal execution)

VM Mutex/Monitor currently owned by a thread: None

Heap:
 PSYoungGen      total 284672K, used 27315K [0x0000000715c00000, 0x0000000728700000, 0x00000007c0000000)
  eden space 263168K, 10% used [0x0000000715c00000,0x00000007176ace88,0x0000000725d00000)
  from space 21504K, 0% used [0x0000000725d00000,0x0000000725d00000,0x0000000727200000)
  to   space 21504K, 0% used [0x0000000727200000,0x0000000727200000,0x0000000728700000)
 ParOldGen       total 223744K, used 19164K [0x00000005c1400000, 0x00000005cee80000, 0x0000000715c00000)
  object space 223744K, 8% used [0x00000005c1400000,0x00000005c26b7300,0x00000005cee80000)
 Metaspace       used 22073K, capacity 22630K, committed 22960K, reserved 1069056K
  class space    used 2579K, capacity 2719K, committed 2816K, reserved 1048576K

Card table byte_map: [0x0000000011dd0000,0x0000000012dd0000] byte_map_base: 0x000000000efc6000

Marking Bits: (ParMarkBitMap*) 0x00000000688fc720
 Begin Bits: [0x0000000014080000, 0x000000001c030000)
 End Bits:   [0x000000001c030000, 0x0000000023fe0000)

Polling page: 0x0000000000720000

CodeCache: size=245760Kb used=11736Kb max_used=12809Kb free=234023Kb
 bounds [0x0000000002a10000, 0x00000000036c0000, 0x0000000011a10000]
 total_blobs=3711 nmethods=3305 adapters=318
 compilation: enabled

Compilation events (10 events):
Event: 8.138 Thread 0x0000000027953800 3822       3       com.sun.tools.javac.parser.JavacParser::annotationFieldValuesOpt (24 bytes)
Event: 8.138 Thread 0x0000000027953800 nmethod 3822 0x0000000002caf9d0 code [0x0000000002cafb40, 0x0000000002cafda8]
Event: 8.138 Thread 0x0000000027953800 3823       3       com.sun.tools.javac.tree.TreeMaker::Annotation (23 bytes)
Event: 8.138 Thread 0x0000000027953800 nmethod 3823 0x0000000002f8fc10 code [0x0000000002f8fd80, 0x0000000002f90110]
Event: 8.139 Thread 0x0000000027953800 3824       1       com.sun.tools.javac.tree.JCTree$JCMethodInvocation::getTag (4 bytes)
Event: 8.139 Thread 0x0000000027953800 nmethod 3824 0x0000000002faf190 code [0x0000000002faf2e0, 0x0000000002faf3f0]
Event: 8.139 Thread 0x0000000027953800 3825       3       com.sun.tools.javac.parser.JavacParser::typeArguments (37 bytes)
Event: 8.140 Thread 0x0000000027953800 nmethod 3825 0x0000000002f8ef50 code [0x0000000002f8f120, 0x0000000002f8f7d8]
Event: 8.144 Thread 0x0000000027953800 3826       3       com.sun.tools.javac.parser.JavacParser::annotation (128 bytes)
Event: 8.146 Thread 0x0000000027953800 nmethod 3826 0x0000000002d20350 code [0x0000000002d20640, 0x0000000002d21bc8]

GC Heap History (8 events):
Event: 3.907 GC heap before
{Heap before GC invocations=1 (full 0):
 PSYoungGen      total 153088K, used 131584K [0x0000000715c00000, 0x0000000720680000, 0x00000007c0000000)
  eden space 131584K, 100% used [0x0000000715c00000,0x000000071dc80000,0x000000071dc80000)
  from space 21504K, 0% used [0x000000071f180000,0x000000071f180000,0x0000000720680000)
  to   space 21504K, 0% used [0x000000071dc80000,0x000000071dc80000,0x000000071f180000)
 ParOldGen       total 349696K, used 0K [0x00000005c1400000, 0x00000005d6980000, 0x0000000715c00000)
  object space 349696K, 0% used [0x00000005c1400000,0x00000005c1400000,0x00000005d6980000)
 Metaspace       used 15104K, capacity 15392K, committed 15488K, reserved 1062912K
  class space    used 1827K, capacity 1914K, committed 1920K, reserved 1048576K
Event: 3.974 GC heap after
Heap after GC invocations=1 (full 0):
 PSYoungGen      total 153088K, used 19732K [0x0000000715c00000, 0x0000000728700000, 0x00000007c0000000)
  eden space 131584K, 0% used [0x0000000715c00000,0x0000000715c00000,0x000000071dc80000)
  from space 21504K, 91% used [0x000000071dc80000,0x000000071efc5128,0x000000071f180000)
  to   space 21504K, 0% used [0x0000000727200000,0x0000000727200000,0x0000000728700000)
 ParOldGen       total 349696K, used 8K [0x00000005c1400000, 0x00000005d6980000, 0x0000000715c00000)
  object space 349696K, 0% used [0x00000005c1400000,0x00000005c1402000,0x00000005d6980000)
 Metaspace       used 15104K, capacity 15392K, committed 15488K, reserved 1062912K
  class space    used 1827K, capacity 1914K, committed 1920K, reserved 1048576K
}
Event: 6.400 GC heap before
{Heap before GC invocations=2 (full 0):
 PSYoungGen      total 153088K, used 151316K [0x0000000715c00000, 0x0000000728700000, 0x00000007c0000000)
  eden space 131584K, 100% used [0x0000000715c00000,0x000000071dc80000,0x000000071dc80000)
  from space 21504K, 91% used [0x000000071dc80000,0x000000071efc5128,0x000000071f180000)
  to   space 21504K, 0% used [0x0000000727200000,0x0000000727200000,0x0000000728700000)
 ParOldGen       total 349696K, used 8K [0x00000005c1400000, 0x00000005d6980000, 0x0000000715c00000)
  object space 349696K, 0% used [0x00000005c1400000,0x00000005c1402000,0x00000005d6980000)
 Metaspace       used 17301K, capacity 17690K, committed 17792K, reserved 1064960K
  class space    used 1997K, capacity 2093K, committed 2176K, reserved 1048576K
Event: 6.422 GC heap after
Heap after GC invocations=2 (full 0):
 PSYoungGen      total 284672K, used 19296K [0x0000000715c00000, 0x0000000728700000, 0x00000007c0000000)
  eden space 263168K, 0% used [0x0000000715c00000,0x0000000715c00000,0x0000000725d00000)
  from space 21504K, 89% used [0x0000000727200000,0x00000007284d81b8,0x0000000728700000)
  to   space 21504K, 0% used [0x0000000725d00000,0x0000000725d00000,0x0000000727200000)
 ParOldGen       total 349696K, used 32K [0x00000005c1400000, 0x00000005d6980000, 0x0000000715c00000)
  object space 349696K, 0% used [0x00000005c1400000,0x00000005c1408000,0x00000005d6980000)
 Metaspace       used 17301K, capacity 17690K, committed 17792K, reserved 1064960K
  class space    used 1997K, capacity 2093K, committed 2176K, reserved 1048576K
}
Event: 7.350 GC heap before
{Heap before GC invocations=3 (full 0):
 PSYoungGen      total 284672K, used 92692K [0x0000000715c00000, 0x0000000728700000, 0x00000007c0000000)
  eden space 263168K, 27% used [0x0000000715c00000,0x000000071a3ace80,0x0000000725d00000)
  from space 21504K, 89% used [0x0000000727200000,0x00000007284d81b8,0x0000000728700000)
  to   space 21504K, 0% used [0x0000000725d00000,0x0000000725d00000,0x0000000727200000)
 ParOldGen       total 349696K, used 32K [0x00000005c1400000, 0x00000005d6980000, 0x0000000715c00000)
  object space 349696K, 0% used [0x00000005c1400000,0x00000005c1408000,0x00000005d6980000)
 Metaspace       used 20542K, capacity 21094K, committed 21296K, reserved 1069056K
  class space    used 2433K, capacity 2591K, committed 2688K, reserved 1048576K
Event: 7.365 GC heap after
Heap after GC invocations=3 (full 0):
 PSYoungGen      total 284672K, used 19421K [0x0000000715c00000, 0x0000000728700000, 0x00000007c0000000)
  eden space 263168K, 0% used [0x0000000715c00000,0x0000000715c00000,0x0000000725d00000)
  from space 21504K, 90% used [0x0000000725d00000,0x0000000726ff74d0,0x0000000727200000)
  to   space 21504K, 0% used [0x0000000727200000,0x0000000727200000,0x0000000728700000)
 ParOldGen       total 349696K, used 40K [0x00000005c1400000, 0x00000005d6980000, 0x0000000715c00000)
  object space 349696K, 0% used [0x00000005c1400000,0x00000005c140a000,0x00000005d6980000)
 Metaspace       used 20542K, capacity 21094K, committed 21296K, reserved 1069056K
  class space    used 2433K, capacity 2591K, committed 2688K, reserved 1048576K
}
Event: 7.365 GC heap before
{Heap before GC invocations=4 (full 1):
 PSYoungGen      total 284672K, used 19421K [0x0000000715c00000, 0x0000000728700000, 0x00000007c0000000)
  eden space 263168K, 0% used [0x0000000715c00000,0x0000000715c00000,0x0000000725d00000)
  from space 21504K, 90% used [0x0000000725d00000,0x0000000726ff74d0,0x0000000727200000)
  to   space 21504K, 0% used [0x0000000727200000,0x0000000727200000,0x0000000728700000)
 ParOldGen       total 349696K, used 40K [0x00000005c1400000, 0x00000005d6980000, 0x0000000715c00000)
  object space 349696K, 0% used [0x00000005c1400000,0x00000005c140a000,0x00000005d6980000)
 Metaspace       used 20542K, capacity 21094K, committed 21296K, reserved 1069056K
  class space    used 2433K, capacity 2591K, committed 2688K, reserved 1048576K
Event: 7.485 GC heap after
Heap after GC invocations=4 (full 1):
 PSYoungGen      total 284672K, used 0K [0x0000000715c00000, 0x0000000728700000, 0x00000007c0000000)
  eden space 263168K, 0% used [0x0000000715c00000,0x0000000715c00000,0x0000000725d00000)
  from space 21504K, 0% used [0x0000000725d00000,0x0000000725d00000,0x0000000727200000)
  to   space 21504K, 0% used [0x0000000727200000,0x0000000727200000,0x0000000728700000)
 ParOldGen       total 223744K, used 19164K [0x00000005c1400000, 0x00000005cee80000, 0x0000000715c00000)
  object space 223744K, 8% used [0x00000005c1400000,0x00000005c26b7300,0x00000005cee80000)
 Metaspace       used 20542K, capacity 21094K, committed 21296K, reserved 1069056K
  class space    used 2433K, capacity 2591K, committed 2688K, reserved 1048576K
}

Deoptimization events (10 events):
Event: 7.795 Thread 0x0000000002912800 Uncommon trap: reason=unstable_if action=reinterpret pc=0x0000000002c085a0 method=sun.misc.URLClassPath$JarLoader.getResource(Ljava/lang/String;Z)Lsun/misc/Resource; @ 62
Event: 7.796 Thread 0x0000000002912800 Uncommon trap: reason=unstable_if action=reinterpret pc=0x0000000002c02940 method=java.util.HashMap.putVal(ILjava/lang/Object;Ljava/lang/Object;ZZ)Ljava/lang/Object; @ 193
Event: 7.848 Thread 0x0000000002912800 Uncommon trap: reason=unstable_if action=reinterpret pc=0x00000000032bad70 method=java.lang.CharacterData.of(I)Ljava/lang/CharacterData; @ 4
Event: 7.880 Thread 0x0000000002912800 Uncommon trap: reason=unstable_if action=reinterpret pc=0x0000000002c1a660 method=com.sun.tools.javac.parser.UnicodeReader.scanChar()V @ 37
Event: 7.881 Thread 0x0000000002912800 Uncommon trap: reason=unstable_if action=reinterpret pc=0x0000000002d0f890 method=com.sun.tools.javac.parser.UnicodeReader.scanChar()V @ 37
Event: 8.008 Thread 0x0000000002912800 Uncommon trap: reason=unstable_if action=reinterpret pc=0x00000000033dca34 method=com.sun.tools.javac.parser.JavaTokenizer.readToken()Lcom/sun/tools/javac/parser/Tokens$Token; @ 961
Event: 8.028 Thread 0x0000000002912800 Uncommon trap: reason=unstable_if action=reinterpret pc=0x0000000002b5c618 method=com.sun.tools.javac.util.Position$LineMapImpl.build([CI)V @ 35
Event: 8.028 Thread 0x0000000002912800 Uncommon trap: reason=unstable_if action=reinterpret pc=0x00000000033da718 method=com.sun.tools.javac.util.Position$LineMapImpl.build([CI)V @ 35
Event: 8.037 Thread 0x0000000002912800 Uncommon trap: reason=unstable_if action=reinterpret pc=0x0000000002da3f9c method=com.sun.tools.javac.util.Name$Table.equals([BI[BII)Z @ 22
Event: 8.041 Thread 0x0000000002912800 Uncommon trap: reason=unstable_if action=reinterpret pc=0x000000000313843c method=com.sun.tools.javac.util.Name$Table.equals([BI[BII)Z @ 22

Internal exceptions (10 events):
Event: 4.841 Thread 0x0000000002912800 Implicit null exception at 0x0000000002df0ad5 to 0x0000000002df0cd5
Event: 4.841 Thread 0x0000000002912800 Implicit null exception at 0x0000000002e0fdef to 0x0000000002e0fe59
Event: 4.870 Thread 0x0000000002912800 Implicit null exception at 0x00000000030fdecc to 0x00000000030fe171
Event: 4.871 Thread 0x0000000002912800 Implicit null exception at 0x000000000302b3ce to 0x000000000302bbd1
Event: 4.871 Thread 0x0000000002912800 Implicit null exception at 0x0000000002eb8958 to 0x0000000002eb89e6
Event: 4.913 Thread 0x0000000002912800 Implicit null exception at 0x000000000318ba8f to 0x000000000318bfad
Event: 4.930 Thread 0x0000000002912800 Implicit null exception at 0x0000000003265743 to 0x000000000326598d
Event: 5.125 Thread 0x0000000002912800 Implicit null exception at 0x000000000332e2f5 to 0x0000000003330191
Event: 6.289 Thread 0x0000000002912800 Implicit null exception at 0x000000000329520d to 0x00000000032959d9
Event: 6.655 Thread 0x0000000002912800 Exception <a 'java/lang/ClassNotFoundException': com/sun/tools/javac/api/JavacTool> (0x00000007195a7b40) thrown at [C:\re\workspace\8-2-build-windows-amd64-cygwin\jdk8u131\8869\hotspot\src\share\vm\classfile\systemDictionary.cpp, line 210]

Events (10 events):
Event: 8.028 Thread 0x0000000002912800 DEOPT UNPACKING pc=0x0000000002a5582a sp=0x000000000290d3b0 mode 2
Event: 8.028 Thread 0x0000000002912800 Uncommon trap: trap_request=0xffffff65 fr.pc=0x00000000033da718
Event: 8.028 Thread 0x0000000002912800 DEOPT PACKING pc=0x00000000033da718 sp=0x000000000290d3f0
Event: 8.028 Thread 0x0000000002912800 DEOPT UNPACKING pc=0x0000000002a5582a sp=0x000000000290d3b0 mode 2
Event: 8.037 Thread 0x0000000002912800 Uncommon trap: trap_request=0xffffff65 fr.pc=0x0000000002da3f9c
Event: 8.037 Thread 0x0000000002912800 DEOPT PACKING pc=0x0000000002da3f9c sp=0x000000000290b790
Event: 8.037 Thread 0x0000000002912800 DEOPT UNPACKING pc=0x0000000002a5582a sp=0x000000000290b570 mode 2
Event: 8.041 Thread 0x0000000002912800 Uncommon trap: trap_request=0xffffff65 fr.pc=0x000000000313843c
Event: 8.041 Thread 0x0000000002912800 DEOPT PACKING pc=0x000000000313843c sp=0x000000000290b9b0
Event: 8.041 Thread 0x0000000002912800 DEOPT UNPACKING pc=0x0000000002a5582a sp=0x000000000290b8b8 mode 2


Dynamic libraries:
0x00007ff757920000 - 0x00007ff757957000 	C:\Program Files\Java\jdk1.8.0_131\bin\java.exe
0x00007ff9ed5d0000 - 0x00007ff9ed7c8000 	C:\WINDOWS\SYSTEM32\ntdll.dll
0x00007ff9ebb70000 - 0x00007ff9ebc32000 	C:\WINDOWS\System32\KERNEL32.DLL
0x00007ff9eacb0000 - 0x00007ff9eafa6000 	C:\WINDOWS\System32\KERNELBASE.dll
0x00007ff9ed450000 - 0x00007ff9ed501000 	C:\WINDOWS\System32\ADVAPI32.DLL
0x00007ff9ed3b0000 - 0x00007ff9ed44e000 	C:\WINDOWS\System32\msvcrt.dll
0x00007ff9eb5f0000 - 0x00007ff9eb68f000 	C:\WINDOWS\System32\sechost.dll
0x00007ff9ece80000 - 0x00007ff9ecfa0000 	C:\WINDOWS\System32\RPCRT4.dll
0x00007ff9eb260000 - 0x00007ff9eb287000 	C:\WINDOWS\System32\bcrypt.dll
0x00007ff9ec410000 - 0x00007ff9ec5b1000 	C:\WINDOWS\System32\USER32.dll
0x00007ff9eb470000 - 0x00007ff9eb492000 	C:\WINDOWS\System32\win32u.dll
0x00007ff9ec5c0000 - 0x00007ff9ec5eb000 	C:\WINDOWS\System32\GDI32.dll
0x00007ff9eafb0000 - 0x00007ff9eb0c9000 	C:\WINDOWS\System32\gdi32full.dll
0x00007ff9eb550000 - 0x00007ff9eb5ed000 	C:\WINDOWS\System32\msvcp_win.dll
0x00007ff9eb160000 - 0x00007ff9eb260000 	C:\WINDOWS\System32\ucrtbase.dll
0x00007ff9d4c90000 - 0x00007ff9d4f2b000 	C:\WINDOWS\WinSxS\amd64_microsoft.windows.common-controls_6595b64144ccf1df_6.0.19041.6456_none_60b8a6cb71f64256\COMCTL32.dll
0x00007ff9ec370000 - 0x00007ff9ec39f000 	C:\WINDOWS\System32\IMM32.DLL
0x0000000068980000 - 0x0000000068a52000 	C:\Program Files\Java\jdk1.8.0_131\jre\bin\msvcr100.dll
0x00000000680e0000 - 0x000000006897c000 	C:\Program Files\Java\jdk1.8.0_131\jre\bin\server\jvm.dll
0x00007ff9ecd60000 - 0x00007ff9ecd68000 	C:\WINDOWS\System32\PSAPI.DLL
0x00007ff9e0750000 - 0x00007ff9e0777000 	C:\WINDOWS\SYSTEM32\WINMM.dll
0x00007ff9e4400000 - 0x00007ff9e440a000 	C:\WINDOWS\SYSTEM32\VERSION.dll
0x00007ff9d2430000 - 0x00007ff9d2439000 	C:\WINDOWS\SYSTEM32\WSOCK32.dll
0x00007ff9ec300000 - 0x00007ff9ec36b000 	C:\WINDOWS\System32\WS2_32.dll
0x00000000680d0000 - 0x00000000680df000 	C:\Program Files\Java\jdk1.8.0_131\jre\bin\verify.dll
0x00000000680a0000 - 0x00000000680c9000 	C:\Program Files\Java\jdk1.8.0_131\jre\bin\java.dll
0x0000000068080000 - 0x0000000068096000 	C:\Program Files\Java\jdk1.8.0_131\jre\bin\zip.dll
0x00007ff9ec5f0000 - 0x00007ff9ecd60000 	C:\WINDOWS\System32\SHELL32.dll
0x00007ff9e8c90000 - 0x00007ff9e9435000 	C:\WINDOWS\SYSTEM32\windows.storage.dll
0x00007ff9ebea0000 - 0x00007ff9ec1f4000 	C:\WINDOWS\System32\combase.dll
0x00007ff9ea540000 - 0x00007ff9ea56b000 	C:\WINDOWS\SYSTEM32\Wldp.dll
0x00007ff9ecfa0000 - 0x00007ff9ed06d000 	C:\WINDOWS\System32\OLEAUT32.dll
0x00007ff9ebc40000 - 0x00007ff9ebced000 	C:\WINDOWS\System32\SHCORE.dll
0x00007ff9ecd70000 - 0x00007ff9ecdcb000 	C:\WINDOWS\System32\shlwapi.dll
0x00007ff9eab90000 - 0x00007ff9eabb4000 	C:\WINDOWS\SYSTEM32\profapi.dll
0x00007ff9d2b20000 - 0x00007ff9d2b2a000 	D:\maven\apache-maven-3.6.0-bin\lib\jansi-native\windows64\jansi.dll
0x0000000068060000 - 0x000000006807a000 	C:\Program Files\Java\jdk1.8.0_131\jre\bin\net.dll
0x00007ff9ea2b0000 - 0x00007ff9ea31a000 	C:\WINDOWS\system32\mswsock.dll
0x0000000068040000 - 0x0000000068051000 	C:\Program Files\Java\jdk1.8.0_131\jre\bin\nio.dll

VM Arguments:
jvm_args: -Dclassworlds.conf=D:\maven\apache-maven-3.6.0-bin\bin\..\bin\m2.conf -Dmaven.home=D:\maven\apache-maven-3.6.0-bin\bin\.. -Dlibrary.jansi.path=D:\maven\apache-maven-3.6.0-bin\bin\..\lib\jansi-native -Dmaven.multiModuleProjectDirectory=E:\ooder\ooder-public\super-agent\agent-skillcenter 
java_command: org.codehaus.plexus.classworlds.launcher.Launcher spring-boot:run
java_class_path (initial): D:\maven\apache-maven-3.6.0-bin\bin\..\boot\plexus-classworlds-2.5.2.jar
Launcher Type: SUN_STANDARD

Environment Variables:
JAVA_HOME=C:\\Program Files\\Java\\jdk1.8.0_131
PATH=C:\\Program Files\\Java\\jdk1.8.0_131\\bin;C:\\Users\\Administrator\\.trae-cn\\tools\\maven\\latest\\bin;C:\\Users\\Administrator\\.trae-cn\\tools\\gradle\\latest\\bin;c:\\Users\\Administrator\\.trae-cn\\tools\\trae-gopls\\current;c:\\Users\\Administrator\\.trae-cn\\sdks\\workspaces\\dd5d2ccb\\versions\\node\\current;c:\\Users\\Administrator\\.trae-cn\\sdks\\versions\\node\\current;C:\Program Files\Java\jdk1.8.0_131\bin;C:\Users\Administrator\.trae-cn\tools\maven\latest\bin;C:\Users\Administrator\.trae-cn\tools\gradle\latest\bin;c:\Users\Administrator\.trae-cn\tools\trae-gopls\current;c:\Users\Administrator\.trae-cn\sdks\workspaces\dd5d2ccb\versions\node\current;c:\Users\Administrator\.trae-cn\sdks\versions\node\current;C:\WINDOWS\system32;C:\WINDOWS;C:\WINDOWS\System32\Wbem;C:\WINDOWS\System32\WindowsPowerShell\v1.0\;C:\Program Files\nodejs\;C:\ProgramData\chocolatey\bin;C:\Program Files (x86)\Windows Kits\10\Windows Performance Toolkit\;C:\Program Files (x86)\Gpg4win\..\GnuPG\bin;D:\mysql-5.7.43-winx64\bin;D:\wx\微信web开发者工具\dll;C:\Pro;ram Files\dotnet\;C:\Program Files (x86)\NetSarang\Xftp 7\;C:\Program Files\Java\jdk1.8.0_131\\bin;C:\Program Files\Java\jdk1.8.0_131\\jar\bin;C:\ProgramData\Oracle\Java\javapath;C:\Program Files\Git\cmd;C:\Users\Administrator\AppData\Local\Microsoft\WindowsApps;D:\maven\apache-maven-3.6.0-bin\bin;D:\android-ndk-r10e;D:\cygwin64\bin;C:\Users\Administrator\AppData\Roaming\npm;C:\Program Files\Java\jdk1.8.0_131\bin;D:\Program Files\CodeBuddy CN\bin;c:\Users\Administrator\.trae-cn\extensions\vscjava.vscode-java-debug-0.58.5-universal\bundled\scripts\noConfigScripts
USERNAME=Administrator
OS=Windows_NT
PROCESSOR_IDENTIFIER=Intel64 Family 6 Model 158 Stepping 9, GenuineIntel



---------------  S Y S T E M  ---------------

OS: Windows 10.0 , 64 bit Build 19041 (10.0.19041.5915)

CPU:total 8 (initial active 8) (4 cores per cpu, 2 threads per core) family 6 model 158 stepping 9, cmov, cx8, fxsr, mmx, sse, sse2, sse3, ssse3, sse4.1, sse4.2, popcnt, avx, avx2, aes, clmul, erms, 3dnowpref, lzcnt, ht, tsc, tscinvbit, bmi1, bmi2, adx

Memory: 4k page, physical 33468080k(7342560k free), swap 46785936k(251276k free)

vm_info: Java HotSpot(TM) 64-Bit Server VM (25.131-b11) for windows-amd64 JRE (1.8.0_131-b11), built on Mar 15 2017 01:23:53 by "java_re" with MS VC++ 10.0 (VS2010)

time: Thu Feb 05 18:09:27 2026
elapsed time: 8 seconds (0d 0h 0m 8s)

